12-12 07:12:39.706 31510 31510 E AndroidRuntime: 	at android.view.Choreographer$FrameDisplayEventReceiver.run(Choreographer.java:1553)
12-12 07:12:39.706 31510 31510 E AndroidRuntime: 	at android.os.Handler.handleCallback(Handler.java:995)
12-12 07:12:39.706 31510 31510 E AndroidRuntime: 	at android.os.Handler.dispatchMessage(Handler.java:103)
12-12 07:12:39.706 31510 31510 E AndroidRuntime: 	at android.os.Looper.loopOnce(Looper.java:248)
12-12 07:12:39.706 31510 31510 E AndroidRuntime: 	at android.os.Looper.loop(Looper.java:338)
12-12 07:12:39.706 31510 31510 E AndroidRuntime: 	at android.app.ActivityThread.main(ActivityThread.java:9067)
12-12 07:12:39.706 31510 31510 E AndroidRuntime: 	at java.lang.reflect.Method.invoke(Native Method)
12-12 07:12:39.706 31510 31510 E AndroidRuntime: 	at com.android.internal.os.RuntimeInit$MethodAndArgsCaller.run(RuntimeInit.java:593)
12-12 07:12:39.706 31510 31510 E AndroidRuntime: 	at com.android.internal.os.ZygoteInit.main(ZygoteInit.java:932)
12-12 07:12:39.707  2288  2288 E DMABUFHEAPS: No ion heap of name system exists
12-12 07:12:39.707  2288  2288 E DMABUFHEAPS: No ion heap of name system exists
12-12 07:12:39.709  2578 31652 I DropBoxManagerService: add tag=data_app_crash isTagEnabled=true flags=0x2
12-12 07:12:39.711  2578  3509 W ActivityTaskManager:   Force finishing activity org.opendroidpdf/.OpenDroidPDFActivity
12-12 07:12:39.713  2578  2598 I ActivityManager: Showing crash dialog for package org.opendroidpdf u0
12-12 07:12:39.733  2578  2598 D CoreBackPreview: Window{91174f9 u0 Application Error: org.opendroidpdf}: Setting back callback OnBackInvokedCallbackInfo{mCallback=android.window.WindowOnBackInvokedDispatcher$OnBackInvokedCallbackWrapper@d423516, mPriority=-1, mIsAnimationCallback=false, mOverrideBehavior=0}
12-12 07:12:39.737  2288  2288 E DMABUFHEAPS: No ion heap of name system exists
12-12 07:12:39.737  2288  2288 E DMABUFHEAPS: No ion heap of name system exists
12-12 07:12:39.732  2288  2288 I allocator@4.0-s: type=1400 audit(0.0:149432): avc:  denied  { read write } for  path=2F6D656D66643A5652495B6F70656E64726F69647064665D23313728424C41535420436F6E73756D657229313720726573657276656420726567696F6E202864656C6574656429 dev="tmpfs" ino=624417 scontext=u:r:system_server:s0 tcontext=u:object_r:hal_graphics_allocator_default_tmpfs:s0 tclass=file permissive=1
12-12 07:12:39.741  2288  2288 E DMABUFHEAPS: No ion heap of name system exists
12-12 07:12:39.741  2288  2288 E DMABUFHEAPS: No ion heap of name system exists
12-12 07:12:39.743  2288  2288 E DMABUFHEAPS: No ion heap of name system exists
12-12 07:12:39.743  2288  2288 E DMABUFHEAPS: No ion heap of name system exists
12-12 07:12:39.744  2288  5548 E DMABUFHEAPS: No ion heap of name system exists
12-12 07:12:39.744  2288  5548 E DMABUFHEAPS: No ion heap of name system exists
12-12 07:12:39.744  2578  2578 I RenderThread: type=1400 audit(0.0:149433): avc:  denied  { map } for  path=2F6D656D66643A5652495B6F70656E64726F69647064665D23313728424C41535420436F6E73756D657229313720726573657276656420726567696F6E202864656C6574656429 dev="tmpfs" ino=624417 scontext=u:r:system_server:s0 tcontext=u:object_r:hal_graphics_allocator_default_tmpfs:s0 tclass=file permissive=1
12-12 07:12:40.211  2578  2600 W ActivityTaskManager: Activity top resumed state loss timeout for ActivityRecord{234276529 u0 org.opendroidpdf/.OpenDroidPDFActivity t598 f}}
12-12 07:12:40.211  2578  2600 W ActivityTaskManager: Activity pause timeout for ActivityRecord{234276529 u0 org.opendroidpdf/.OpenDroidPDFActivity t598 f}}
12-12 07:12:40.214  3337  3337 D ViewRootImpl: Skipping stats log for color mode
12-12 07:12:40.214  2578  2950 D BackgroundInstallControlService: Package event received: 0
12-12 07:12:40.214  2578  2950 D BackgroundInstallControlService: Package event received: 0
12-12 07:12:40.214  2578  2950 D BackgroundInstallControlService: Package event received: 0
12-12 07:12:40.214  3337  3337 D StatsLog: LAUNCHER_ONRESUME
12-12 07:12:40.216  3048  3099 D WindowManagerShell: setLauncherKeepClearAreaHeight: visible=true, height=188
12-12 07:12:40.241  3337  3337 D BaseDepthController: setSurface:
12-12 07:12:40.241  3337  3337 D BaseDepthController: 	mWaitingOnSurfaceValidity: false
12-12 07:12:40.241  3337  3337 D BaseDepthController: 	mBaseSurface: Surface(name=com.android.launcher3/com.android.launcher3.uioverrides.QuickstepLauncher)/@0xf31f0ea
12-12 07:12:40.245  2288  5548 E DMABUFHEAPS: No ion heap of name system exists
12-12 07:12:40.245  2288  5548 E DMABUFHEAPS: No ion heap of name system exists
12-12 07:12:40.240  2288  2288 I HwBinder:2288_3: type=1400 audit(0.0:149434): avc:  denied  { read write } for  path=2F6D656D66643A5652495B517569636B737465704C61756E636865725D2333353028424C41535420436F6E73756D65722933353020726573657276656420726567696F6E202864656C6574656429 dev="tmpfs" ino=627814 scontext=u:r:priv_app:s0:c512,c768 tcontext=u:object_r:hal_graphics_allocator_default_tmpfs:s0 tclass=file permissive=1
12-12 07:12:40.252  3048  3076 V WindowManagerShell: onTransitionReady(transaction=11072425758767)
12-12 07:12:40.253  3048  3099 V WindowManagerShell: onTransitionReady (#1521) android.os.BinderProxy@f81947f: {id=1521 t=CLOSE f=0x0 trk=0 r=[0@Point(0, 0)] c=[
12-12 07:12:40.253  3048  3099 V WindowManagerShell:         {m=TO_FRONT f=SHOW_WALLPAPER|MOVE_TO_TOP leash=Surface(name=Task=1)/@0xea51c4c sb=Rect(0, 0 - 1080, 2160) eb=Rect(0, 0 - 1080, 2160) epz=Point(1080, 2160) d=0 taskParent=-1},
12-12 07:12:40.253  3048  3099 V WindowManagerShell:         {m=CLOSE f=NONE leash=Surface(name=Task=598)/@0x9b46495 sb=Rect(0, 0 - 1080, 2160) eb=Rect(0, 0 - 1080, 2160) epz=Point(1080, 2160) d=0 taskParent=-1},
12-12 07:12:40.253  3048  3099 V WindowManagerShell:         {m=TO_FRONT f=IS_WALLPAPER leash=Surface(name=WallpaperWindowToken{f4faea7 showWhenLocked=false})/@0x8b269aa sb=Rect(0, 0 - 1080, 2160) eb=Rect(0, 0 - 1080, 2160) epz=Point(1080, 2160) d=0}
12-12 07:12:40.253  3048  3099 V WindowManagerShell:     ]}
12-12 07:12:40.253  2288  5548 E DMABUFHEAPS: No ion heap of name system exists
12-12 07:12:40.240  3337  3337 I RenderThread: type=1400 audit(0.0:149435): avc:  denied  { map } for  path=2F6D656D66643A5652495B517569636B737465704C61756E636865725D2333353028424C41535420436F6E73756D65722933353020726573657276656420726567696F6E202864656C6574656429 dev="tmpfs" ino=627814 scontext=u:r:priv_app:s0:c512,c768 tcontext=u:object_r:hal_graphics_allocator_default_tmpfs:s0 tclass=file permissive=1 app=com.android.launcher3
12-12 07:12:40.253  3048  3099 V WindowManagerShell: Playing animation for (#1521) android.os.BinderProxy@f81947f@0
12-12 07:12:40.253  3048  3099 V ShellRecents: RecentsTransitionHandler.startAnimation: no controller found
12-12 07:12:40.253  3048  3099 V WindowManagerShell: Transition doesn't have explicit remote, search filters for match for {id=1521 t=CLOSE f=0x0 trk=0 r=[0@Point(0, 0)] c=[{m=TO_FRONT f=SHOW_WALLPAPER|MOVE_TO_TOP leash=Surface(name=Task=1)/@0xea51c4c sb=Rect(0, 0 - 1080, 2160) eb=Rect(0, 0 - 1080, 2160) epz=Point(1080, 2160) d=0 taskParent=-1},{m=CLOSE f=NONE leash=Surface(name=Task=598)/@0x9b46495 sb=Rect(0, 0 - 1080, 2160) eb=Rect(0, 0 - 1080, 2160) epz=Point(1080, 2160) d=0 taskParent=-1},{m=TO_FRONT f=IS_WALLPAPER leash=Surface(name=WallpaperWindowToken{f4faea7 showWhenLocked=false})/@0x8b269aa sb=Rect(0, 0 - 1080, 2160) eb=Rect(0, 0 - 1080, 2160) epz=Point(1080, 2160) d=0}]}
12-12 07:12:40.253  3048  3099 V WindowManagerShell:  Checking filter Pair{{types=[] flags=0x0] notFlags=0x100 checks=[{atype=home independent=true modes=[OPEN,TO_FRONT] flags=NONE mustBeTask=false order=TOP topActivity=ComponentInfo{com.android.launcher3/com.android.launcher3.uioverrides.QuickstepLauncher} launchCookie=null windowingMode=undefined},{atype=standard independent=true modes=[CLOSE,TO_BACK] flags=NONE mustBeTask=false order=ANY topActivity=null launchCookie=null windowingMode=undefined},{NOT atype=undefined independent=true modes=[] flags=NONE mustBeTask=true order=ANY topActivity=null launchCookie=null customAnim=true windowingMode=undefined}]} RemoteTransition { remoteTransition = android.window.IRemoteTransition$Stub$Proxy@4d831bd, appThread = android.app.IApplicationThread$Stub$Proxy@462f3b2, debugName = QuickstepLaunchHome }}
12-12 07:12:40.253  3048  3099 D RemoteTransitionHandler: Found filterPair{{types=[] flags=0x0] notFlags=0x100 checks=[{atype=home independent=true modes=[OPEN,TO_FRONT] flags=NONE mustBeTask=false order=TOP topActivity=ComponentInfo{com.android.launcher3/com.android.launcher3.uioverrides.QuickstepLauncher} launchCookie=null windowingMode=undefined},{atype=standard independent=true modes=[CLOSE,TO_BACK] flags=NONE mustBeTask=false order=ANY topActivity=null launchCookie=null windowingMode=undefined},{NOT atype=undefined independent=true modes=[] flags=NONE mustBeTask=true order=ANY topActivity=null launchCookie=null customAnim=true windowingMode=undefined}]} RemoteTransition { remoteTransition = android.window.IRemoteTransition$Stub$Proxy@4d831bd, appThread = android.app.IApplicationThread$Stub$Proxy@462f3b2, debugName = QuickstepLaunchHome }}
12-12 07:12:40.253  3048  3099 V WindowManagerShell:  Delegate animation for (#1521) to RemoteTransition { remoteTransition = android.window.IRemoteTransition$Stub$Proxy@4d831bd, appThread = android.app.IApplicationThread$Stub$Proxy@462f3b2, debugName = QuickstepLaunchHome }
12-12 07:12:40.253  2578  2600 W ProcessStats: Tracking association SourceState{5e0aa2d system/1000 ImpFg #55230} whose proc state 5 is better than process ProcessState{770dc0e com.android.permissioncontroller/10101 pkg=com.android.permissioncontroller} proc state 14 (6 skipped)
12-12 07:12:40.258  2288  5548 E DMABUFHEAPS: No ion heap of name system exists
12-12 07:12:40.258  2288  5548 E DMABUFHEAPS: No ion heap of name system exists
12-12 07:12:40.259  3337  3337 D StateManager: createAtomicAnimation - fromState: Background, toState: Normal, partial trace:
12-12 07:12:40.259  3337  3337 D StateManager: 	at com.android.quickstep.util.WorkspaceRevealAnim.prepareToAnimate(WorkspaceRevealAnim.java:146)
12-12 07:12:40.259  3337  3337 D StateManager: 	at com.android.quickstep.util.WorkspaceRevealAnim.<init>(WorkspaceRevealAnim.java:69)
12-12 07:12:40.259  3337  3337 D StateManager: 	at com.android.launcher3.QuickstepTransitionManager.createWallpaperOpenAnimations(QuickstepTransitionManager.java:1844)
12-12 07:12:40.260  3337  3337 D b/311077782: LauncherAnimationRunner.setAnimation
12-12 07:12:40.262  2578  2597 V WindowManager: Sent Transition (#1521) createdAt=12-12 07:12:39.616 via request=TransitionRequestInfo { type = CLOSE, triggerTask = null, pipChange = null, remoteTransition = null, displayChange = null, flags = 0, debugId = 1521 }
12-12 07:12:40.262  2578  2597 V WindowManager:     startWCT=WindowContainerTransaction { changes= {} hops= [] errorCallbackToken=null taskFragmentOrganizer=null }
12-12 07:12:40.262  2578  2597 V WindowManager:     info={id=1521 t=CLOSE f=0x0 trk=0 r=[0@Point(0, 0)] c=[
12-12 07:12:40.262  2578  2597 V WindowManager:         {WCT{RemoteToken{8df70a1 Task{92d915f #1 type=home}}} m=TO_FRONT f=SHOW_WALLPAPER|MOVE_TO_TOP leash=Surface(name=Task=1)/@0xa230711 sb=Rect(0, 0 - 1080, 2160) eb=Rect(0, 0 - 1080, 2160) epz=Point(1080, 2160) d=0 taskParent=-1},
12-12 07:12:40.262  2578  2597 V WindowManager:         {WCT{RemoteToken{8af1b5d Task{82b796 #598 type=standard A=10566:org.opendroidpdf}}} m=CLOSE f=NONE leash=Surface(name=Task=598)/@0x1763246 sb=Rect(0, 0 - 1080, 2160) eb=Rect(0, 0 - 1080, 2160) epz=Point(1080, 2160) d=0 taskParent=-1},
12-12 07:12:40.262  2578  2597 V WindowManager:         {m=TO_FRONT f=IS_WALLPAPER leash=Surface(name=WallpaperWindowToken{f4faea7 showWhenLocked=false})/@0xd946131 sb=Rect(0, 0 - 1080, 2160) eb=Rect(0, 0 - 1080, 2160) epz=Point(1080, 2160) d=0}
12-12 07:12:40.262  2578  2597 V WindowManager:     ]}
12-12 07:12:40.262  2288  2288 E DMABUFHEAPS: No ion heap of name system exists
12-12 07:12:40.263  2288  2288 E DMABUFHEAPS: No ion heap of name system exists
12-12 07:12:40.264  3048  3099 V WindowManagerShell:  animated by com.android.wm.shell.transition.RemoteTransitionHandler@6bab85f
12-12 07:12:40.268  2288  2288 E DMABUFHEAPS: No ion heap of name system exists
12-12 07:12:40.268  2288  2288 E DMABUFHEAPS: No ion heap of name system exists
12-12 07:12:40.356  3048  3070 W System  : A resource failed to call release. 
12-12 07:12:40.356  3048  3070 W System  : A resource failed to call release. 
12-12 07:12:40.356  3048  3070 W System  : A resource failed to call release. 
12-12 07:12:40.356  3048  3070 W System  : A resource failed to call release. 
12-12 07:12:40.357  3048  3070 W System  : A resource failed to call release. 
12-12 07:12:40.357  3048  3070 W System  : A resource failed to call release. 
12-12 07:12:40.357  3048  3070 W System  : A resource failed to call release. 
12-12 07:12:40.357  3048  3070 W System  : A resource failed to call release. 
12-12 07:12:40.357  3048  3070 W System  : A resource failed to call release. 
12-12 07:12:40.357  3048  3070 W System  : A resource failed to call release. 
12-12 07:12:40.506  3337  3337 D WorkspaceRevealAnim: onAnimationEnd: workspace alpha = 1.0
12-12 07:12:40.507  3048  3099 V WindowManagerShell: Transition animation finished (aborted=false), notifying core (#1521) android.os.BinderProxy@f81947f@0
12-12 07:12:40.508  2578  2597 V WindowManager: Finish Transition (#1521): created at 12-12 07:12:39.616 collect-started=0.031ms request-sent=0.047ms started=3.042ms ready=596.634ms sent=633.367ms commit=17.403ms finished=891.312ms
12-12 07:12:40.508  3614  3614 D VRI[PickActivity]: visibilityChanged oldVisibility=true newVisibility=false
12-12 07:12:40.509  3048  3099 V WindowManagerShell: Track 0 became idle
12-12 07:12:40.509  3048  3099 V WindowManagerShell: All active transition animations finished
12-12 07:12:40.595  3614  3614 W WindowOnBackDispatcher: sendCancelIfRunning: isInProgress=false callback=android.view.ViewRootImpl$$ExternalSyntheticLambda13@f4e3226
12-12 07:12:40.595  2578  9096 D CoreBackPreview: Window{23c9115 u0 com.android.documentsui/com.android.documentsui.picker.PickActivity}: Setting back callback null
12-12 07:12:40.595  3614  3614 D ViewRootImpl: Skipping stats log for color mode
12-12 07:12:40.596  2578  9096 I ImeTracker: system_server:79e87244: onRequestHide at ORIGIN_SERVER reason IME_REQUESTED_CHANGED_LISTENER fromUser false
12-12 07:12:40.597  2578  2600 I ImeTracker: system_server:79e87244: onCancelled at PHASE_SERVER_SHOULD_HIDE
12-12 07:12:40.598  2578  2950 D BackgroundInstallControlService: Package event received: 0
12-12 07:12:40.603 20245 20249 W d.process.media: Reducing the number of considered missed Gc histogram windows from 5148 to 100
12-12 07:12:41.647  2578  2676 D ActivityManager: freezing 20245 android.process.media
12-12 07:12:41.649  2578  2912 D InetDiagMessage: Destroyed 0 sockets, proto=IPPROTO_TCP, family=AF_INET, states=14
12-12 07:12:41.649  2578  2912 D InetDiagMessage: Destroyed 0 sockets, proto=IPPROTO_TCP, family=AF_INET6, states=14
12-12 07:12:41.649  2578  2912 D InetDiagMessage: Destroyed live tcp sockets for uids={10010} in 0ms
12-12 07:12:42.634  2578  2676 D ActivityManager: freezing 31596 com.android.externalstorage
12-12 07:12:42.636  2578  2912 D InetDiagMessage: Destroyed 0 sockets, proto=IPPROTO_TCP, family=AF_INET, states=14
12-12 07:12:42.636  2578  2912 D InetDiagMessage: Destroyed 0 sockets, proto=IPPROTO_TCP, family=AF_INET6, states=14
12-12 07:12:42.636  2578  2912 D InetDiagMessage: Destroyed live tcp sockets for uids={10021} in 1ms
12-12 07:12:45.266  2578  2912 D InetDiagMessage: Destroyed 0 sockets, proto=IPPROTO_TCP, family=AF_INET, states=14
12-12 07:12:45.266  2578  2912 D InetDiagMessage: Destroyed 0 sockets, proto=IPPROTO_TCP, family=AF_INET6, states=14
12-12 07:12:45.266  2578  2912 D InetDiagMessage: Destroyed live tcp sockets for uids={10566} in 1ms
12-12 07:12:45.266  2578  2912 D InetDiagMessage: Destroyed 0 sockets, proto=IPPROTO_TCP, family=AF_INET, states=14
12-12 07:12:45.267  2578  2912 D InetDiagMessage: Destroyed 0 sockets, proto=IPPROTO_TCP, family=AF_INET6, states=14
12-12 07:12:45.267  2578  2912 D InetDiagMessage: Destroyed live tcp sockets for uids={20566} in 1ms
12-12 07:12:47.579  2578  2617 E PowerStatsCollector: Unexpected battery voltage (0 mV) when querying energy consumers
12-12 07:12:47.580  2578  2617 E BluetoothPowerStatsCollector: Cannot acquire BluetoothActivityEnergyInfo
12-12 07:12:47.580  2578  2617 E BluetoothPowerStatsCollector: java.util.concurrent.ExecutionException: java.lang.RuntimeException: error: 11
12-12 07:12:47.580  2578  2617 E BluetoothPowerStatsCollector: 	at java.util.concurrent.CompletableFuture.reportGet(CompletableFuture.java:372)
12-12 07:12:47.580  2578  2617 E BluetoothPowerStatsCollector: 	at java.util.concurrent.CompletableFuture.get(CompletableFuture.java:2072)
12-12 07:12:47.580  2578  2617 E BluetoothPowerStatsCollector: 	at com.android.server.power.stats.BluetoothPowerStatsCollector.collectBluetoothActivityInfo(BluetoothPowerStatsCollector.java:192)
12-12 07:12:47.580  2578  2617 E BluetoothPowerStatsCollector: 	at com.android.server.power.stats.BluetoothPowerStatsCollector.collectStats(BluetoothPowerStatsCollector.java:155)
12-12 07:12:47.580  2578  2617 E BluetoothPowerStatsCollector: 	at com.android.server.power.stats.PowerStatsCollector.collectAndDeliverStats(PowerStatsCollector.java:176)
12-12 07:12:47.580  2578  2617 E BluetoothPowerStatsCollector: 	at com.android.server.power.stats.PowerStatsCollector$$ExternalSyntheticLambda0.run(R8$$SyntheticClass:0)
12-12 07:12:47.580  2578  2617 E BluetoothPowerStatsCollector: 	at android.os.Handler.handleCallback(Handler.java:995)
12-12 07:12:47.580  2578  2617 E BluetoothPowerStatsCollector: 	at android.os.Handler.dispatchMessage(Handler.java:103)
12-12 07:12:47.580  2578  2617 E BluetoothPowerStatsCollector: 	at android.os.Looper.loopOnce(Looper.java:248)
12-12 07:12:47.580  2578  2617 E BluetoothPowerStatsCollector: 	at android.os.Looper.loop(Looper.java:338)
12-12 07:12:47.580  2578  2617 E BluetoothPowerStatsCollector: 	at android.os.HandlerThread.run(HandlerThread.java:85)
12-12 07:12:47.580  2578  2617 E BluetoothPowerStatsCollector: Caused by: java.lang.RuntimeException: error: 11
12-12 07:12:47.580  2578  2617 E BluetoothPowerStatsCollector: 	at com.android.server.power.stats.BluetoothPowerStatsCollector$1.onBluetoothActivityEnergyInfoError(BluetoothPowerStatsCollector.java:181)
12-12 07:12:47.580  2578  2617 E BluetoothPowerStatsCollector: 	at android.bluetooth.BluetoothAdapter$OnBluetoothActivityEnergyInfoProxy.lambda$onBluetoothActivityEnergyInfoAvailable$0(BluetoothAdapter.java:1037)
12-12 07:12:47.580  2578  2617 E BluetoothPowerStatsCollector: 	at android.bluetooth.BluetoothAdapter$OnBluetoothActivityEnergyInfoProxy$$ExternalSyntheticLambda1.run(D8$$SyntheticClass:0)
12-12 07:12:47.580  2578  2617 E BluetoothPowerStatsCollector: 	at android.bluetooth.BluetoothUtils.lambda$executeFromBinder$0(BluetoothUtils.java:343)
12-12 07:12:47.580  2578  2617 E BluetoothPowerStatsCollector: 	at android.bluetooth.BluetoothUtils$$ExternalSyntheticLambda1.run(D8$$SyntheticClass:0)
12-12 07:12:47.580  2578  2617 E BluetoothPowerStatsCollector: 	at com.android.server.SystemServerInitThreadPool$$ExternalSyntheticLambda0.execute(R8$$SyntheticClass:0)
12-12 07:12:47.580  2578  2617 E BluetoothPowerStatsCollector: 	at android.bluetooth.BluetoothUtils.executeFromBinder(BluetoothUtils.java:343)
12-12 07:12:47.580  2578  2617 E BluetoothPowerStatsCollector: 	at android.bluetooth.BluetoothAdapter$OnBluetoothActivityEnergyInfoProxy.onBluetoothActivityEnergyInfoAvailable(BluetoothAdapter.java:1035)
12-12 07:12:47.580  2578  2617 E BluetoothPowerStatsCollector: 	at android.bluetooth.IBluetoothActivityEnergyInfoListener$Stub.onTransact(IBluetoothActivityEnergyInfoListener.java:98)
12-12 07:12:47.580  2578  2617 E BluetoothPowerStatsCollector: 	at android.os.Binder.execTransactInternal(Binder.java:1426)
12-12 07:12:47.580  2578  2617 E BluetoothPowerStatsCollector: 	at android.os.Binder.execTransact(Binder.java:1365)
12-12 07:12:48.170 31655 31655 D AndroidRuntime: >>>>>> START com.android.internal.os.RuntimeInit uid 2000 <<<<<<
12-12 07:12:48.176 31655 31655 I AndroidRuntime: Using default boot image
12-12 07:12:48.176 31655 31655 I AndroidRuntime: Leaving lock profiling enabled
12-12 07:12:48.179 31655 31655 I app_process: Using CollectorTypeCMC GC.
12-12 07:12:48.257 31655 31655 D nativeloader: InitDefaultPublicLibraries for_preload=1: libandroid.so:libaaudio.so:libamidi.so:libbinder_ndk.so:libc.so:libcamera2ndk.so:libdl.so:libEGL.so:libGLESv1_CM.so:libGLESv2.so:libGLESv3.so:libicu.so:libicui18n.so:libicuuc.so:libjnigraphics.so:liblog.so:libmediandk.so:libm.so:libnativehelper.so:libnativewindow.so:libOpenMAXAL.so:libOpenSLES.so:libRS.so:libstdc++.so:libsync.so:libvulkan.so:libwebviewchromium_plat_support.so:libz.so
12-12 07:12:48.270 31655 31655 D nativeloader: Load libicu_jni.so using APEX ns com_android_art for caller /apex/com.android.art/javalib/core-oj.jar: ok
12-12 07:12:48.270 31655 31655 D app_process: u_setTimeZoneFilesDirectory("/apex/com.android.tzdata/etc/tz/versioned/9/icu") succeeded. 
12-12 07:12:48.270 31655 31655 D app_process: I18n APEX ICU file found: /apex/com.android.i18n/etc/icu/icudt76l.dat
12-12 07:12:48.271 31655 31655 D nativeloader: Load libjavacore.so using APEX ns com_android_art for caller /apex/com.android.art/javalib/core-oj.jar: ok
12-12 07:12:48.272 31655 31655 D nativeloader: Load libopenjdk.so using APEX ns com_android_art for caller /apex/com.android.art/javalib/core-oj.jar: ok
12-12 07:12:48.275 31655 31655 W app_process: ClassLoaderContext shared library size mismatch. Expected=2, found=0 (PCL[]{PCL[/system/framework/android.test.base.jar*2789897741]#PCL[/system/framework/android.test.mock.jar*3361312393]} | PCL[])
12-12 07:12:48.276 31655 31655 W app_process: ClassLoaderContext classpath size mismatch. expected=0, found=1 (PCL[]{PCL[/system/framework/android.test.runner.jar*895143020]#PCL[/system/framework/android.test.base.jar*2789897741]} | PCL[/system/framework/android.test.runner.jar*895143020])
12-12 07:12:48.299 31655 31655 D nativeloader: Load libframework-connectivity-tiramisu-jni.so using APEX ns com_android_tethering for caller /apex/com.android.tethering/javalib/framework-connectivity-t.jar: ok
12-12 07:12:48.299 31655 31655 D AndroidRuntime: Calling main entry com.android.commands.uiautomator.Launcher
12-12 07:12:48.301 31655 31655 E FeatureFlagsImplExport: android.os.flagging.AconfigStorageReadException: ERROR_PACKAGE_NOT_FOUND: package android.xr cannot be found on the device
12-12 07:12:48.303 31655 31655 D UiAutomationConnection: Created on user UserHandle{0}
12-12 07:12:48.303 31655 31655 I UiAutomation: Initialized for user 0 on display 0
12-12 07:12:48.303 31655 31655 W UiAutomation: Created with deprecatead constructor, assumes DEFAULT_DISPLAY
12-12 07:12:48.304  2578  9096 D AccessibilityManagerService: changeCurrentUserForTestAutomationIfNeededLocked(0): ignoring because device doesn't support visible background users
12-12 07:12:48.304  2578  9096 I UiAutomationManager: Registering UiTestAutomationService (id=com.android.server.accessibility/UiAutomation, flags=0x0) when called by user 0
12-12 07:12:48.304  2578  9096 V AccessibilityManagerService: onUserStateChangedLocked for userId: 0, forceUpdate: false
12-12 07:12:48.304  2578  9096 W MagnificationConnectionManager: requestConnection duplicated request: connect=false, mConnectionState=DISCONNECTED
12-12 07:12:48.307  2578  2578 D BatterySaverPolicy: accessibility changed to true, updating policy.
12-12 07:12:48.308  2578  4288 V AccessibilityManagerService: onUserStateChangedLocked for userId: 0, forceUpdate: false
12-12 07:12:48.308  2578  4288 W MagnificationConnectionManager: requestConnection duplicated request: connect=false, mConnectionState=DISCONNECTED
12-12 07:12:48.311  3053  3402 D AccessibilitySourceService: enabled a11y services count 0
12-12 07:12:48.311  3053  3402 D AccessibilitySourceService: a11y source sending 0 issue to sc
12-12 07:12:48.311  2578  9096 D SafetySourceDataValidat: No cert check requested for package com.android.permissioncontroller
12-12 07:12:49.314 31655 31655 W AccessibilityNodeInfoDumper: Fetch time: 2ms
12-12 07:12:49.315  2578  9096 V AccessibilityManagerService: onUserStateChangedLocked for userId: 0, forceUpdate: false
12-12 07:12:49.315  2578  9096 W MagnificationConnectionManager: requestConnection duplicated request: connect=false, mConnectionState=DISCONNECTED
12-12 07:12:49.315  2578  9096 D AccessibilityManagerService: restoreCurrentUserForTestAutomationIfNeededLocked(): ignoring because device doesn't support visible background users
12-12 07:12:49.317 31655 31664 W IPCThreadState: call to talkWithDriver in joinThreadPool returned error: -9 (Bad file descriptor), FD: -1
12-12 07:12:49.317 31655 31665 W IPCThreadState: call to talkWithDriver in joinThreadPool returned error: -9 (Bad file descriptor), FD: -1
12-12 07:12:49.317 31655 31655 D AndroidRuntime: Shutting down VM
12-12 07:12:49.318  2578  2578 D BatterySaverPolicy: accessibility changed to false, updating policy.
12-12 07:12:50.511  2578  2676 D ActivityManager: freezing 3614 com.android.documentsui
12-12 07:12:50.512  2578  2912 D InetDiagMessage: Destroyed 0 sockets, proto=IPPROTO_TCP, family=AF_INET, states=14
12-12 07:12:50.512  2578  2912 D InetDiagMessage: Destroyed 0 sockets, proto=IPPROTO_TCP, family=AF_INET6, states=14
12-12 07:12:50.512  2578  2912 D InetDiagMessage: Destroyed live tcp sockets for uids={10011} in 1ms
12-12 07:12:50.515  2578  2600 W ActivityTaskManager: Activity destroy timeout for ActivityRecord{234276529 u0 org.opendroidpdf/.OpenDroidPDFActivity t598 f}}
12-12 07:12:50.518  3337  3337 D RecentsView: onTaskRemoved: 598, not handling task stack changes
12-12 07:12:50.518  3337  3337 D RecentsView: onTaskRemoved: 598, not handling task stack changes
12-12 07:12:50.519  2578  2950 D BackgroundInstallControlService: Package event received: 0
12-12 07:12:50.554  2578  2676 D ActivityManager: freezing 31510 org.opendroidpdf
12-12 07:12:50.555  2578  2676 D ActivityManager: Reschedule freeze for process 31510 org.opendroidpdf (outstanding txns), timeout=2112
12-12 07:12:52.673  2578  2676 D ActivityManager: freezing 31510 org.opendroidpdf
12-12 07:12:52.674  2578  2676 D ActivityManager: Reschedule freeze for process 31510 org.opendroidpdf (outstanding txns), timeout=1000
12-12 07:12:53.678  2578  2676 D ActivityManager: freezing 31510 org.opendroidpdf
12-12 07:12:53.679  2578  2676 D ActivityManager: Kill app due to repeated failure to freeze binder: 31510 org.opendroidpdf
12-12 07:12:53.679  2578  2608 I ActivityManager: Killing 31510:org.opendroidpdf/u0a566 (adj 900): excessive binder traffic during cached
12-12 07:12:53.699  2466  2466 I adbd    : Remote process closed the socket (on MSG_PEEK)
12-12 07:12:53.705  2578  2610 I libprocessgroup: Removed cgroup /sys/fs/cgroup/apps/uid_10566/pid_31510
12-12 07:12:53.705  2160  2160 I Zygote  : Process 31510 exited due to signal 9 (Killed)
12-12 07:12:53.705  2578  2598 W WindowOnBackDispatcher: sendCancelIfRunning: isInProgress=false callback=android.app.Dialog$$ExternalSyntheticLambda2@f37ca31
12-12 07:12:53.706  2578  2598 D CoreBackPreview: Window{91174f9 u0 Application Error: org.opendroidpdf}: Setting back callback null
12-12 07:12:53.708  2578  2600 W ActivityManager: setHasOverlayUi called on unknown pid: 31510
12-12 07:12:53.709  2578  3509 W ActivityManager: Ignoring remove of inactive process: ProcessRecord{28b46cf 0:org.opendroidpdf/u0a566}
12-12 07:12:53.735  2578  2600 V WindowManager: Unknown focus tokens, dropping reportFocusChanged
12-12 07:12:53.789  2578  2706 I ImeTracker: com.android.launcher3:2ae5b905: onRequestHide at ORIGIN_SERVER reason HIDE_UNSPECIFIED_WINDOW fromUser false
12-12 07:12:53.790  3337  3337 D InsetsController: hide(ime(), fromIme=false)
12-12 07:12:53.790  3337  3337 I ImeTracker: com.android.launcher3:2ae5b905: onCancelled at PHASE_CLIENT_ALREADY_HIDDEN
12-12 07:12:53.791  2578  3509 I ImeTracker: system_server:5909a325: onRequestHide at ORIGIN_SERVER reason IME_REQUESTED_CHANGED_LISTENER fromUser false
12-12 07:12:53.791  2578  2600 I ImeTracker: system_server:5909a325: onCancelled at PHASE_SERVER_SHOULD_HIDE
