12-10 18:09:42.247  2578  2899 W InputManager: Input event injection from pid 26333 failed.
12-10 18:09:42.254  2578  2899 W InputManager: Input event injection from pid 26333 failed.
12-10 18:09:42.262  2578  2899 W InputManager: Input event injection from pid 26333 failed.
12-10 18:09:42.273  2578  2899 W InputManager: Input event injection from pid 26333 failed.
12-10 18:09:42.278  2578  2899 W InputManager: Input event injection from pid 26333 failed.
12-10 18:09:42.281  3337  3337 D StateManager: goToState - fromState: Normal, toState: Normal, partial trace:
12-10 18:09:42.281  3337  3337 D StateManager: 	at com.android.launcher3.statemanager.StateManager.moveToRestState(StateManager.java:463)
12-10 18:09:42.281  3337  3337 D StateManager: 	at com.android.launcher3.statemanager.StateManager.moveToRestState(StateManager.java:454)
12-10 18:09:42.281  3337  3337 D StateManager: 	at com.android.launcher3.statemanager.StatefulActivity.onStop(StatefulActivity.java:120)
12-10 18:09:42.281  2187  2187 I lights_service_example_rust: main::lights: Lights setting state for id=1 to color ff1b1b1b
12-10 18:09:42.284  3337  3337 D StatsLog: LAUNCHER_ONSTOP
12-10 18:09:42.289  2578  2899 W InputManager: Input event injection from pid 26333 failed.
12-10 18:09:42.296  2578  2899 W InputManager: Input event injection from pid 26333 failed.
12-10 18:09:42.297  2187  2187 I lights_service_example_rust: main::lights: Lights setting state for id=1 to color ff1d1d1d
12-10 18:09:42.302  2578  2950 D BackgroundInstallControlService: Package event received: 0
12-10 18:09:42.303  2578  2899 W InputManager: Input event injection from pid 26333 failed.
12-10 18:09:42.312  2578  2899 W InputManager: Input event injection from pid 26333 failed.
12-10 18:09:42.313  2578  2899 W InputManager: Input event injection from pid 26333 failed.
12-10 18:09:42.325  2187  2187 I lights_service_example_rust: main::lights: Lights setting state for id=1 to color ff1f1f1f
12-10 18:09:42.331  6468  6468 D ActivityEmbeddingUtils: isSettingsSplitSupported = false
12-10 18:09:42.338  6468  6485 E HWUI    : Device claims wide gamut support, cannot find matching config, error = EGL_SUCCESS
12-10 18:09:42.338  6468  6485 W HWUI    : Failed to initialize 101010-2 format, error = EGL_SUCCESS
12-10 18:09:42.350  2187  2187 I lights_service_example_rust: main::lights: Lights setting state for id=1 to color ff222222
12-10 18:09:42.376  2187  2187 I lights_service_example_rust: main::lights: Lights setting state for id=1 to color ff252525
12-10 18:09:42.404  2187  2187 I lights_service_example_rust: main::lights: Lights setting state for id=1 to color ff282828
12-10 18:09:42.425  6468  6468 W HWUI    : Image decoding logging dropped!
12-10 18:09:42.427  6468  6468 W HWUI    : Image decoding logging dropped!
12-10 18:09:42.431  2187  2187 I lights_service_example_rust: main::lights: Lights setting state for id=1 to color ff2c2c2c
12-10 18:09:42.448  6468  6468 W HWUI    : Image decoding logging dropped!
12-10 18:09:42.454  2578  2695 W InputDispatcher: Not sending touch gesture to 712d941 ActivityRecordInputSink com.android.settings/.Settings$AppManageExternalStorageActivity because it has config NO_INPUT_CHANNEL
12-10 18:09:42.454  2578  2695 I InputDispatcher: Dropping event because all windows would just receive ACTION_OUTSIDE: MotionEvent
12-10 18:09:42.454  2578  2899 W InputManager: Input event injection from pid 26342 failed.
12-10 18:09:42.456  2187  2187 I lights_service_example_rust: main::lights: Lights setting state for id=1 to color ff303030
12-10 18:09:42.462  2578  2899 W InputManager: Input event injection from pid 26342 failed.
12-10 18:09:42.470  2578  2899 W InputManager: Input event injection from pid 26342 failed.
12-10 18:09:42.480  2578  2899 W InputManager: Input event injection from pid 26342 failed.
12-10 18:09:42.482  2187  2187 I lights_service_example_rust: main::lights: Lights setting state for id=1 to color ff343434
12-10 18:09:42.487  2578  2899 W InputManager: Input event injection from pid 26342 failed.
12-10 18:09:42.495  2578  2899 W InputManager: Input event injection from pid 26342 failed.
12-10 18:09:42.504  2578  2899 W InputManager: Input event injection from pid 26342 failed.
12-10 18:09:42.510  2187  2187 I lights_service_example_rust: main::lights: Lights setting state for id=1 to color ff3a3a3a
12-10 18:09:42.513  2578  2899 W InputManager: Input event injection from pid 26342 failed.
12-10 18:09:42.520  2578  2899 W InputManager: Input event injection from pid 26342 failed.
12-10 18:09:42.528  2578  2899 W InputManager: Input event injection from pid 26342 failed.
12-10 18:09:42.537  2187  2187 I lights_service_example_rust: main::lights: Lights setting state for id=1 to color ff3f3f3f
12-10 18:09:42.537  2578  2899 W InputManager: Input event injection from pid 26342 failed.
12-10 18:09:42.545  2578  2899 W InputManager: Input event injection from pid 26342 failed.
12-10 18:09:42.554  2578  2899 W InputManager: Input event injection from pid 26342 failed.
12-10 18:09:42.562  2578  2899 W InputManager: Input event injection from pid 26342 failed.
12-10 18:09:42.563  2187  2187 I lights_service_example_rust: main::lights: Lights setting state for id=1 to color ff454545
12-10 18:09:42.570  2578  2899 W InputManager: Input event injection from pid 26342 failed.
12-10 18:09:42.577  2578  2899 W InputManager: Input event injection from pid 26342 failed.
12-10 18:09:42.587  2578  2899 W InputManager: Input event injection from pid 26342 failed.
12-10 18:09:42.589  6468  6468 D SettingsActivity: Starting onCreate
12-10 18:09:42.589  2187  2187 I lights_service_example_rust: main::lights: Lights setting state for id=1 to color ff4c4c4c
12-10 18:09:42.594  2578  2899 W InputManager: Input event injection from pid 26342 failed.
12-10 18:09:42.605  2578  2899 W InputManager: Input event injection from pid 26342 failed.
12-10 18:09:42.612  2578  2899 W InputManager: Input event injection from pid 26342 failed.
12-10 18:09:42.617  2187  2187 I lights_service_example_rust: main::lights: Lights setting state for id=1 to color ff545454
12-10 18:09:42.621  2578  2899 W InputManager: Input event injection from pid 26342 failed.
12-10 18:09:42.628  2578  2899 W InputManager: Input event injection from pid 26342 failed.
12-10 18:09:42.637  2578  2899 W InputManager: Input event injection from pid 26342 failed.
12-10 18:09:42.643  2187  2187 I lights_service_example_rust: main::lights: Lights setting state for id=1 to color ff5c5c5c
12-10 18:09:42.645  2578  2899 W InputManager: Input event injection from pid 26342 failed.
12-10 18:09:42.654  2578  2899 W InputManager: Input event injection from pid 26342 failed.
12-10 18:09:42.662  2578  2899 W InputManager: Input event injection from pid 26342 failed.
12-10 18:09:42.669  2187  2187 I lights_service_example_rust: main::lights: Lights setting state for id=1 to color ff666666
12-10 18:09:42.670  2578  2899 W InputManager: Input event injection from pid 26342 failed.
12-10 18:09:42.677  2578  2899 W InputManager: Input event injection from pid 26342 failed.
12-10 18:09:42.687  2578  2899 W InputManager: Input event injection from pid 26342 failed.
12-10 18:09:42.695  2578  2899 W InputManager: Input event injection from pid 26342 failed.
12-10 18:09:42.704  2578  2899 W InputManager: Input event injection from pid 26342 failed.
12-10 18:09:42.712  2578  2899 W InputManager: Input event injection from pid 26342 failed.
12-10 18:09:42.720  2578  2899 W InputManager: Input event injection from pid 26342 failed.
12-10 18:09:42.729  2578  2899 W InputManager: Input event injection from pid 26342 failed.
12-10 18:09:42.737  2578  2899 W InputManager: Input event injection from pid 26342 failed.
12-10 18:09:42.744  6468  6468 D SettingsActivity: MetricsCategory is 1822
12-10 18:09:42.746  2578  2899 W InputManager: Input event injection from pid 26342 failed.
12-10 18:09:42.754  2578  2899 W InputManager: Input event injection from pid 26342 failed.
12-10 18:09:42.755  2578  2899 W InputManager: Input event injection from pid 26342 failed.
12-10 18:09:42.762  2578  2899 W OptProp : Cannot read opt property android.window.PROPERTY_COMPAT_ALLOW_MIN_ASPECT_RATIO_OVERRIDE
12-10 18:09:42.762  2578  2899 W OptProp : Cannot read opt property android.window.PROPERTY_COMPAT_ALLOW_ORIENTATION_OVERRIDE
12-10 18:09:42.765  3048  3099 V WindowManagerShell: Transition requested (#1380): android.os.BinderProxy@ae54ef5 TransitionRequestInfo { type = OPEN, triggerTask = TaskInfo{userId=0 taskId=554 effectiveUid=10566 displayId=0 isRunning=true baseIntent=Intent { act=android.intent.action.VIEW dat=file:///... typ=application/pdf flg=0x10000000 cmp=org.opendroidpdf/.OpenDroidPDFActivity } baseActivity=ComponentInfo{org.opendroidpdf/org.opendroidpdf.OpenDroidPDFActivity} topActivity=ComponentInfo{com.android.settings/com.android.settings.spa.SpaActivity} origActivity=null realActivity=ComponentInfo{org.opendroidpdf/org.opendroidpdf.OpenDroidPDFActivity} numActivities=3 lastActiveTime=3633870686 supportsMultiWindow=true resizeMode=2 isResizeable=true minWidth=-1 minHeight=-1 defaultMinSize=220 token=WCT{android.window.IWindowContainerToken$Stub$Proxy@82f748a} topActivityType=1 pictureInPictureParams=null shouldDockBigOverlays=false launchIntoPipHostTaskId=-1 lastParentTaskIdBeforePip=-1 displayCutoutSafeInsets=Rect(0, 0 - 0, 0) topActivityInfo=ActivityInfo{e72dafb com.android.settings.spa.SpaActivity} launchCookies=[] positionInParent=Point(0, 0) parentTaskId=-1 isFocused=true isVisible=true isVisibleRequested=true isTopActivityNoDisplay=false isSleeping=false locusId=null displayAreaFeatureId=1 isTopActivityTransparent=false isActivityStackTransparent=false lastNonFullscreenBounds=Rect(258, 560 - 823, 1567) capturedLink=null capturedLinkTimestamp=0 requestedVisibleTypes=-9 topActivityRequestOpenInBrowserEducationTimestamp=0 appCompatTaskInfo=AppCompatTaskInfo { topActivityInSizeCompat=false eligibleForLetterboxEducation= false isLetterboxEducationEnabled= false isLetterboxDoubleTapEnabled= false eligibleForUserAspectRatioButton= false topActivityBoundsLetterboxed= false isFromLetterboxDoubleTap= false topActivityLetterboxVerticalPosition= -1 topActivityLetterboxHorizontalPosition= -1 topActivityLetterboxWidth=-1 topActivityLetterboxHeight=-1 topActivityAppBounds=Rect(0, 0 - 1080, 2160) isUserFullscreenOverrideEnabled=false isSystemFullscreenOverrideEnabled=false hasMinAspectRatioOverride=false topActivityLetterboxBounds=null cameraCompatTaskInfo=CameraCompatTaskInfo { freeformCameraCompatMode=inactive}} topActivityMainWindowFrame=null}, pipChange = null, remoteTransition = null, displayChange = null, flags = 0, debugId = 1380 }
12-10 18:09:42.765  2578  2899 I ActivityTaskManager: START u0 {xflg=0x4 cmp=com.android.settings/.spa.SpaActivity (has extras)} with LAUNCH_MULTIPLE from uid 1000 (sr=176062182) (BAL_ALLOW_VISIBLE_WINDOW) result code=0
12-10 18:09:42.765  3048  3099 D ShellSplitScreen: logExit: no-op, mLoggerSessionId is null
12-10 18:09:42.773  2578  3509 W OptProp : Cannot read opt property android.window.PROPERTY_COMPAT_ALLOW_RESIZEABLE_ACTIVITY_OVERRIDES
12-10 18:09:42.775  3048 14948 V WindowManagerShell: onTransitionReady(transaction=11072425753897)
12-10 18:09:42.775  3048  3099 V WindowManagerShell: onTransitionReady (#1380) android.os.BinderProxy@ae54ef5: {id=1380 t=OPEN f=0x0 trk=0 r=[0@Point(0, 0)] c=[
12-10 18:09:42.775  3048  3099 V WindowManagerShell:         {m=OPEN f=STARTING_WINDOW_TRANSFER|FILLS_TASK|IS_BEHIND_STARTING_WINDOW leash=Surface(name=ActivityRecord{197643554 u0 com.android.settings/.spa.SpaActivity)/@0xec1e718 sb=Rect(0, 0 - 0, 0) eb=Rect(0, 0 - 1080, 2160) epz=Point(1080, 2160) d=-1->0 r=-1->0:-1 bc=fff9eaee component=com.android.settings/.spa.SpaActivity},
12-10 18:09:42.775  3048  3099 V WindowManagerShell:         {m=CLOSE f=STARTING_WINDOW_TRANSFER|FILLS_TASK|IS_BEHIND_STARTING_WINDOW leash=Surface(name=ActivityRecord{176062182 u0 com.android.settings/.Settings$AppManageExternalStorageActivity)/@0x188e571 sb=Rect(0, 0 - 1080, 2160) eb=Rect(0, 0 - 1080, 2160) epz=Point(1080, 2160) d=0 bc=fff9eaee component=com.android.settings/.Settings$AppManageExternalStorageActivity}
12-10 18:09:42.775  3048  3099 V WindowManagerShell:     ]}
12-10 18:09:42.775  3048  3099 V WindowManagerShell: Non-visible anim so abort: (#1380) android.os.BinderProxy@ae54ef5@0
12-10 18:09:42.776  2578  2597 V WindowManager: Sent Transition (#1380) createdAt=12-10 18:09:42.761 via request=TransitionRequestInfo { type = OPEN, triggerTask = TaskInfo{userId=0 taskId=554 effectiveUid=10566 displayId=0 isRunning=true baseIntent=Intent { act=android.intent.action.VIEW dat=file:///... typ=application/pdf flg=0x10000000 cmp=org.opendroidpdf/.OpenDroidPDFActivity } baseActivity=ComponentInfo{org.opendroidpdf/org.opendroidpdf.OpenDroidPDFActivity} topActivity=ComponentInfo{com.android.settings/com.android.settings.spa.SpaActivity} origActivity=null realActivity=ComponentInfo{org.opendroidpdf/org.opendroidpdf.OpenDroidPDFActivity} numActivities=3 lastActiveTime=3633870686 supportsMultiWindow=true resizeMode=2 isResizeable=true minWidth=-1 minHeight=-1 defaultMinSize=220 token=WCT{RemoteToken{63d9bac Task{9aa6067 #554 type=standard A=10566:org.opendroidpdf}}} topActivityType=1 pictureInPictureParams=null shouldDockBigOverlays=false launchIntoPipHostTaskId=-1 lastParentTaskIdBeforePip=-1 displayCutoutSafeInsets=Rect(0, 0 - 0, 0) topActivityInfo=ActivityInfo{d64309c com.android.settings.spa.SpaActivity} launchCookies=[] positionInParent=Point(0, 0) parentTaskId=-1 isFocused=true isVisible=true isVisibleRequested=true isTopActivityNoDisplay=false isSleeping=false locusId=null displayAreaFeatureId=1 isTopActivityTransparent=false isActivityStackTransparent=false lastNonFullscreenBounds=Rect(258, 560 - 823, 1567) capturedLink=null capturedLinkTimestamp=0 requestedVisibleTypes=-9 topActivityRequestOpenInBrowserEducationTimestamp=0 appCompatTaskInfo=AppCompatTaskInfo { topActivityInSizeCompat=false eligibleForLetterboxEducation= false isLetterboxEducationEnabled= false isLetterboxDoubleTapEnabled= false eligibleForUserAspectRatioButton= false topActivityBoundsLetterboxed= false isFromLetterboxDoubleTap= false topActivityLetterboxVerticalPosition= -1 topActivityLetterboxHorizontalPosition= -1 topActivityLetterboxWidth=-1 topActivityLetterboxHeight=-1 topActivityAppBounds=Rect(0, 0 - 1080, 2160) isUserFullscreenOverrideEnabled=false isSystemFullscreenOverrideEnabled=false hasMinAspectRatioOverride=false topActivityLetterboxBounds=null cameraCompatTaskInfo=CameraCompatTaskInfo { freeformCameraCompatMode=inactive}} topActivityMainWindowFrame=null}, pipChange = null, remoteTransition = null, displayChange = null, flags = 0, debugId = 1380 }
12-10 18:09:42.776  2578  2597 V WindowManager:     startWCT=WindowContainerTransaction { changes= {} hops= [] errorCallbackToken=null taskFragmentOrganizer=null }
12-10 18:09:42.776  2214  2214 I BpBinder: onLastStrongRef automatically unlinking death recipients: 
12-10 18:09:42.776  2578  2597 V WindowManager:     info={id=1380 t=OPEN f=0x0 trk=0 r=[0@Point(0, 0)] c=[
12-10 18:09:42.776  2578  2597 V WindowManager:         {m=OPEN f=STARTING_WINDOW_TRANSFER|FILLS_TASK|IS_BEHIND_STARTING_WINDOW leash=Surface(name=ActivityRecord{197643554 u0 com.android.settings/.spa.SpaActivity)/@0x839996e sb=Rect(0, 0 - 0, 0) eb=Rect(0, 0 - 1080, 2160) epz=Point(1080, 2160) d=-1->0 r=-1->0:-1 bc=fff9eaee component=com.android.settings/.spa.SpaActivity},
12-10 18:09:42.776  2578  2597 V WindowManager:         {m=CLOSE f=STARTING_WINDOW_TRANSFER|FILLS_TASK|IS_BEHIND_STARTING_WINDOW leash=Surface(name=ActivityRecord{176062182 u0 com.android.settings/.Settings$AppManageExternalStorageActivity)/@0x22583c3 sb=Rect(0, 0 - 1080, 2160) eb=Rect(0, 0 - 1080, 2160) epz=Point(1080, 2160) d=0 bc=fff9eaee component=com.android.settings/.Settings$AppManageExternalStorageActivity}
12-10 18:09:42.776  2578  2597 V WindowManager:     ]}
12-10 18:09:42.777  3048  3099 V WindowManagerShell: Transition animation finished (aborted=true), notifying core (#1380) android.os.BinderProxy@ae54ef5@0
12-10 18:09:42.777  2578  2597 V WindowManager: Finish Transition (#1380): created at 12-10 18:09:42.761 collect-started=0.035ms request-sent=2.269ms started=4.609ms ready=11.873ms sent=13.445ms finished=15.906ms
12-10 18:09:42.778  3048  3099 V WindowManagerShell: Track 0 became idle
12-10 18:09:42.778  3048  3099 V WindowManagerShell: All active transition animations finished
12-10 18:09:42.783  2578  2950 D BackgroundInstallControlService: Package event received: 0
12-10 18:09:42.784  2578  2950 D BackgroundInstallControlService: Package event received: 0
12-10 18:09:42.784  2578  2950 D BackgroundInstallControlService: Package event received: 0
12-10 18:09:42.825  2578  2647 D CoreBackPreview: Window{1e9de7a u0 com.android.settings/com.android.settings.spa.SpaActivity}: Setting back callback OnBackInvokedCallbackInfo{mCallback=android.window.IOnBackInvokedCallback$Stub$Proxy@9d1ba88, mPriority=-1, mIsAnimationCallback=false, mOverrideBehavior=0}
12-10 18:09:42.848  2578  2695 I InputDispatcher: No new touched window at (422.2, 678.3) in display 0
12-10 18:09:42.850  2578  2695 I InputDispatcher: Dropping event because there is no touchable window at (422.223, 678.333) on display 0: MotionEvent
12-10 18:09:42.850  2578  2647 W InputManager: Input event injection from pid 26348 failed.
12-10 18:09:42.852  2578  2647 W InputManager: Input event injection from pid 26348 failed.
12-10 18:09:42.861  2578  2647 W InputManager: Input event injection from pid 26348 failed.
12-10 18:09:42.869  2578  2647 W InputManager: Input event injection from pid 26348 failed.
12-10 18:09:42.878  2578  2647 W InputManager: Input event injection from pid 26348 failed.
12-10 18:09:42.886  2578  2647 W InputManager: Input event injection from pid 26348 failed.
12-10 18:09:42.894  2578  2647 W InputManager: Input event injection from pid 26348 failed.
12-10 18:09:42.902  2578  2647 W InputManager: Input event injection from pid 26348 failed.
12-10 18:09:42.910  2578  2647 W InputManager: Input event injection from pid 26348 failed.
12-10 18:09:42.921  2578  2647 W InputManager: Input event injection from pid 26348 failed.
12-10 18:09:42.927  2578  2647 W InputManager: Input event injection from pid 26348 failed.
12-10 18:09:42.935  2578  2647 W InputManager: Input event injection from pid 26348 failed.
12-10 18:09:42.945  2578  2647 W InputManager: Input event injection from pid 26348 failed.
12-10 18:09:42.945  2578  2647 W InputManager: Input event injection from pid 26348 failed.
12-10 18:09:42.986  6468  6468 I System.out: I should make it here
12-10 18:09:42.987  6468  6468 I System.out: time to navigate
12-10 18:09:42.987  6468  6468 I System.out: navigateInternal
12-10 18:09:43.001 26351 26351 I sh      : type=1400 audit(0.0:146915): avc:  denied  { getattr } for  path="/system/bin/am" dev="vda3" ino=273 scontext=u:r:shell:s0 tcontext=u:object_r:am_exec:s0 tclass=file permissive=1
12-10 18:09:43.005 26351 26351 I sh      : type=1400 audit(0.0:146916): avc:  denied  { execute } for  name="am" dev="vda3" ino=273 scontext=u:r:shell:s0 tcontext=u:object_r:am_exec:s0 tclass=file permissive=1
12-10 18:09:43.005 26351 26351 I sh      : type=1400 audit(0.0:146917): avc:  denied  { read open } for  path="/system/bin/am" dev="vda3" ino=273 scontext=u:r:shell:s0 tcontext=u:object_r:am_exec:s0 tclass=file permissive=1
12-10 18:09:43.009 26351 26351 I sh      : type=1400 audit(0.0:146918): avc:  denied  { execute_no_trans } for  path="/system/bin/am" dev="vda3" ino=273 scontext=u:r:shell:s0 tcontext=u:object_r:am_exec:s0 tclass=file permissive=1
12-10 18:09:43.017  6468  6468 I System.out: AddEntryTobackstack
12-10 18:09:43.017  6468  6468 I System.out: adding NavBackStackEntry(37f698e5-adb5-49c6-81a1-4eae2b24020b) destination=ComposeNavigator$Destination(0x78cc0e94) route=NULL to back stack
12-10 18:09:43.063  2578  2647 I ActivityManager: Broadcasting: Intent { act=org.opendroidpdf.DEBUG_SNAP_TO_FIT flg=0x400000 }
12-10 18:09:43.064  2578  2597 I ActivityManager: Broadcast completed: result=0
12-10 18:09:43.065  2578  2647 I ActivityManager: Enqueued broadcast Intent { act=org.opendroidpdf.DEBUG_SNAP_TO_FIT flg=0x400000 }: 0
12-10 18:09:43.077  2288  3330 E DMABUFHEAPS: No ion heap of name system exists
12-10 18:09:43.077  2288  3330 E DMABUFHEAPS: No ion heap of name system exists
12-10 18:09:43.073  2288  2288 I HwBinder:2288_2: type=1400 audit(0.0:146919): avc:  denied  { read write } for  path=2F6D656D66643A5652495B53706141637469766974795D23363028424C41535420436F6E73756D657229363020726573657276656420726567696F6E202864656C6574656429 dev="tmpfs" ino=599598 scontext=u:r:system_app:s0 tcontext=u:object_r:hal_graphics_allocator_default_tmpfs:s0 tclass=file permissive=1
12-10 18:09:43.099  2288  3330 E DMABUFHEAPS: No ion heap of name system exists
12-10 18:09:43.099  2288  3330 E DMABUFHEAPS: No ion heap of name system exists
12-10 18:09:43.112  2288  3330 E DMABUFHEAPS: No ion heap of name system exists
12-10 18:09:43.112  2288  3330 E DMABUFHEAPS: No ion heap of name system exists
12-10 18:09:43.127  2288  5548 E DMABUFHEAPS: No ion heap of name system exists
12-10 18:09:43.127  2288  5548 E DMABUFHEAPS: No ion heap of name system exists
12-10 18:09:43.187  6468  6468 I System.out: navigateInternal
12-10 18:09:43.187  6468  6468 I System.out: AddEntryTobackstack
12-10 18:09:43.187  6468  6468 I System.out: adding NavBackStackEntry(7e8b227c-490e-4bb9-946e-d25458149264) destination=ComposeNavigator$Destination(0x1c7ac7ef) route=TogglePermissionAppInfoPage/{permission}/{rt_packageName}/{rt_userId} to back stack
12-10 18:09:43.201  2578  2950 D BackgroundInstallControlService: Package event received: 0
12-10 18:09:43.218  2578  2597 I ActivityTaskManager: Displayed com.android.settings/.spa.SpaActivity for user 0: +3s427ms
12-10 18:09:43.224  6468  6468 D SpaLogMetricsProvider: PAGE_ENTER page 0
12-10 18:09:43.314  6468  6468 D BrowseActivity: Launching page TogglePermissionAppInfoPage
12-10 18:09:43.318  6468 25889 I ndroid.settings: AssetManager2(0xb4000074f2c35cd8) locale list changing from [] to [en-US]
12-10 18:09:43.321  6468 25889 W HWUI    : Image decoding logging dropped!
12-10 18:09:43.329  2578  2706 I ImeTracker: com.android.settings:883d64e5: onRequestHide at ORIGIN_SERVER reason HIDE_UNSPECIFIED_WINDOW fromUser false
12-10 18:09:43.353  2578  3509 I ImeTracker: system_server:b5982759: onRequestHide at ORIGIN_SERVER reason IME_REQUESTED_CHANGED_LISTENER fromUser false
12-10 18:09:43.356  2578  2600 I ImeTracker: system_server:b5982759: onCancelled at PHASE_SERVER_SHOULD_HIDE
12-10 18:09:43.383  6468  6468 D InsetsController: hide(ime(), fromIme=false)
12-10 18:09:43.383  6468  6468 I ImeTracker: com.android.settings:883d64e5: onCancelled at PHASE_CLIENT_ALREADY_HIDDEN
12-10 18:09:43.392  6468 25730 D AppOpsPermissionControl: isAllowed: false
12-10 18:09:43.893  3048  3068 W ndroid.systemui: Reducing the number of considered missed Gc histogram windows from 137 to 100
12-10 18:09:43.896  3048  3070 W System  : A resource failed to call release. 
12-10 18:09:43.896  3048  3070 W System  : A resource failed to call release. 
12-10 18:09:43.896  3048  3070 W System  : A resource failed to call release. 
12-10 18:09:43.896  3048  3070 W System  : A resource failed to call release. 
12-10 18:09:43.896  3048  3070 W System  : A resource failed to call release. 
12-10 18:09:43.896  3048  3070 W System  : A resource failed to call release. 
12-10 18:09:43.896  3048  3070 W System  : A resource failed to call release. 
12-10 18:09:44.456 26357 26357 W screencap: Thread Pool max thread count is 0. Cannot cache binder as linkToDeath cannot be implemented. serviceName: SurfaceFlingerAIDL
12-10 18:09:44.458 26357 26357 W BpBinder: Linking to death on android.gui.ISurfaceComposer but there are no threads (yet?) listening to incoming transactions. See ProcessState::startThreadPool and ProcessState::setThreadPoolMaxThreadCount. Generally you should setup the binder threadpool before other initialization steps.
12-10 18:09:44.459 26357 26357 W ProcessState: Extra binder thread started, but 0 threads requested. Do not use *startThreadPool when zero threads are requested.
12-10 18:09:44.476  2288  5548 E DMABUFHEAPS: No ion heap of name system exists
12-10 18:09:44.476  2288  5548 E DMABUFHEAPS: No ion heap of name system exists
12-10 18:09:44.479  2214  2239 E HWComposer: getLuts: getLuts failed for display 0: UNSUPPORTED (8)
12-10 18:09:44.485  2214  2214 I binder:2214_1: type=1400 audit(0.0:146926): avc:  denied  { read write } for  path=2F6D656D66643A73637265656E73686F7420726573657276656420726567696F6E202864656C6574656429 dev="tmpfs" ino=599610 scontext=u:r:shell:s0 tcontext=u:object_r:hal_graphics_allocator_default_tmpfs:s0 tclass=file permissive=1
12-10 18:09:44.533 26357 26357 I binder:26357_1: type=1400 audit(0.0:146927): avc:  denied  { open } for  path="/dev/__properties__/u:object_r:vendor_default_prop:s0" dev="tmpfs" ino=356 scontext=u:r:shell:s0 tcontext=u:object_r:vendor_default_prop:s0 tclass=file permissive=1
12-10 18:09:44.538 26357 26362 I [minigbm:virtgpu_init(51)]: virtgpu backend not enabling VIRTGPU_PARAM_CREATE_GUEST_HANDLE
12-10 18:09:44.538 26357 26362 I [minigbm:virtgpu_init(51)]: virtgpu backend not enabling VIRTGPU_PARAM_RESOURCE_SYNC
12-10 18:09:44.538 26357 26362 I [minigbm:virtgpu_init(51)]: virtgpu backend not enabling VIRTGPU_PARAM_GUEST_VRAM
12-10 18:09:44.538 26357 26362 I [minigbm:virgl_get_caps(642)]: Supported CAPSET IDs: 6.
12-10 18:09:44.538 26357 26362 I [minigbm:virgl_add_combination(403)]: Skipping unsupported combination format:540422468
12-10 18:09:44.538 26357 26362 I [minigbm:virgl_add_combination(403)]: Skipping unsupported combination format:1479815748
12-10 18:09:44.538 26357 26362 I [minigbm:virgl_add_combination(403)]: Skipping unsupported combination format:1395929668
12-10 18:09:44.538 26357 26362 I [minigbm:virgl_add_combination(403)]: Skipping unsupported combination format:1177695044
12-10 18:09:44.538 26357 26362 I [minigbm:virgl_add_combination(403)]: Skipping unsupported combination format:944981572
12-10 18:09:44.538 26357 26362 I [minigbm:virgl_add_combination(397)]: Strip scanout on format: 842094158
12-10 18:09:44.538 26357 26362 I [minigbm:virgl_add_combination(397)]: Strip scanout on format: 808530000
12-10 18:09:44.538 26357 26362 I [minigbm:virgl_add_combination(403)]: Skipping unsupported combination format:808530000
12-10 18:09:44.533 26357 26357 I binder:26357_1: type=1400 audit(0.0:146928): avc:  denied  { getattr } for  path="/dev/__properties__/u:object_r:vendor_default_prop:s0" dev="tmpfs" ino=356 scontext=u:r:shell:s0 tcontext=u:object_r:vendor_default_prop:s0 tclass=file permissive=1
12-10 18:09:44.533 26357 26357 I binder:26357_1: type=1400 audit(0.0:146929): avc:  denied  { map } for  path="/dev/__properties__/u:object_r:vendor_default_prop:s0" dev="tmpfs" ino=356 scontext=u:r:shell:s0 tcontext=u:object_r:vendor_default_prop:s0 tclass=file permissive=1
12-10 18:09:44.545 26357 26357 I binder:26357_1: type=1400 audit(0.0:146930): avc:  denied  { map } for  path=2F6D656D66643A73637265656E73686F7420726573657276656420726567696F6E202864656C6574656429 dev="tmpfs" ino=599610 scontext=u:r:shell:s0 tcontext=u:object_r:hal_graphics_allocator_default_tmpfs:s0 tclass=file permissive=1
12-10 18:09:44.570  3537 22548 W MediaProvider: isAppCloneUserPair failed. Users: 0 and 0
12-10 18:09:44.570  3537 22548 W MediaProvider: isAppCloneUserPair for user 0: false
12-10 18:09:44.823  2578  2647 I ActivityManager: Broadcasting: Intent { act=android.intent.action.MEDIA_SCANNER_SCAN_FILE dat=file:///... flg=0x400000 }
12-10 18:09:44.823  2578  2647 I ActivityManager: Enqueued broadcast Intent { act=android.intent.action.MEDIA_SCANNER_SCAN_FILE dat=file:///... flg=0x400000 }: 0
12-10 18:09:44.830  2578  3509 W JobInfo : Job 'com.android.providers.media.module/com.android.providers.media.MediaService#-300' has a deadline with no functional constraints. The deadline won't improve job execution latency. Consider removing the deadline.
12-10 18:09:44.834  2578  2597 I ActivityManager: Broadcast completed: result=0
12-10 18:09:44.845  3537  3895 I MediaProvider: Begin Intent { act=android.intent.action.MEDIA_SCANNER_SCAN_FILE dat=file:///... flg=0x1400010 cmp=com.android.providers.media.module/com.android.providers.media.MediaService }
12-10 18:09:44.922  3537  3895 I MediaProvider: End Intent { act=android.intent.action.MEDIA_SCANNER_SCAN_FILE dat=file:///... flg=0x1400010 cmp=com.android.providers.media.module/com.android.providers.media.MediaService }
12-10 18:09:44.979  3537  3689 D WM-SystemJobScheduler: Scheduling work ID d6ee5fb4-193d-4bf6-8254-fbc2452f1605Job ID 50
12-10 18:09:45.020  3537  3548 W FuseDaemon: Reducing the number of considered missed Gc histogram windows from 4786 to 100
